MPLINK 4.38, Linker
Linker Map File - Created Tue Apr 26 16:34:45 2011

                                 Section Info
                  Section       Type    Address   Location Size(Bytes)
                ---------  ---------  ---------  ---------  ---------
               _entry_scn       code   0x000000    program   0x000006
              high_vector       code   0x000008    program   0x000006
               low_vector       code   0x000018    program   0x000006
                   .cinit    romdata   0x00001e    program   0x00000e
            .code_aiLib.o       code   0x00002c    program   0x00174c
                     PROG       code   0x001778    program   0x0003ae
             .stringtable    romdata   0x001b26    program   0x0002e9
         .idata_uputs.o_i    romdata   0x001e0f    program   0x000000
      .idata_fxd1616u.o_i    romdata   0x001e0f    program   0x000000
       .romdata_adcconv.o    romdata   0x001e0f    program   0x000000
       .idata_adcconv.o_i    romdata   0x001e0f    program   0x000000
       .romdata_adcbusy.o    romdata   0x001e0f    program   0x000000
       .idata_adcbusy.o_i    romdata   0x001e0f    program   0x000000
     .romdata_serialLCD.o    romdata   0x001e0f    program   0x000000
     .idata_serialLCD.o_i    romdata   0x001e0f    program   0x000000
   .romdata_serialDebug.o    romdata   0x001e0f    program   0x000000
   .idata_serialDebug.o_i    romdata   0x001e0f    program   0x000000
          .romdata_util.o    romdata   0x001e0f    program   0x000000
          .idata_util.o_i    romdata   0x001e0f    program   0x000000
.romdata_motorController.o    romdata   0x001e0f    program   0x000000
.idata_motorController.o_i    romdata   0x001e0f    program   0x000000
         .romdata_uputs.o    romdata   0x001e0f    program   0x000000
        .idata_uputrs.o_i    romdata   0x001e0f    program   0x000000
        .romdata___init.o    romdata   0x001e0f    program   0x000000
        .idata___init.o_i    romdata   0x001e0f    program   0x000000
         .romdata_udefs.o    romdata   0x001e0f    program   0x000000
         .idata_udefs.o_i    romdata   0x001e0f    program   0x000000
        .romdata_uwrite.o    romdata   0x001e0f    program   0x000000
        .idata_uwrite.o_i    romdata   0x001e0f    program   0x000000
      .romdata_adcsetch.o    romdata   0x001e0f    program   0x000000
      .idata_adcsetch.o_i    romdata   0x001e0f    program   0x000000
       .romdata_adcread.o    romdata   0x001e0f    program   0x000000
       .idata_adcread.o_i    romdata   0x001e0f    program   0x000000
         .romdata_uopen.o    romdata   0x001e0f    program   0x000000
         .idata_uopen.o_i    romdata   0x001e0f    program   0x000000
       .romdata_adcopen.o    romdata   0x001e0f    program   0x000000
       .idata_adcopen.o_i    romdata   0x001e0f    program   0x000000
      .romdata_fxd1616u.o    romdata   0x001e0f    program   0x000000
        .romdata_uputrs.o    romdata   0x001e0f    program   0x000000
         .idata_c018i.o_i    romdata   0x001e0f    program   0x000000
         .romdata_c018i.o    romdata   0x001e0f    program   0x000000
     .idata_dwengoADC.o_i    romdata   0x001e0f    program   0x000000
     .romdata_dwengoADC.o    romdata   0x001e0f    program   0x000000
   .idata_dwengoBoard.o_i    romdata   0x001e0f    program   0x000000
   .romdata_dwengoBoard.o    romdata   0x001e0f    program   0x000000
   .idata_dwengoDelay.o_i    romdata   0x001e0f    program   0x000000
   .romdata_dwengoDelay.o    romdata   0x001e0f    program   0x000000
.idata_robotController.o_i    romdata   0x001e0f    program   0x000000
.romdata_robotController.o    romdata   0x001e0f    program   0x000000
         .romdata_aiLib.o    romdata   0x001e0f    program   0x000000
            .code_c018i.o       code   0x001e10    program   0x000000
            .code_udefs.o       code   0x001e10    program   0x000000
  .code_robotController.o       code   0x001e10    program   0x0001d8
          .code_adcread.o       code   0x001fe8    program   0x000012
          .code_adcconv.o       code   0x001ffa    program   0x000004
    REMAPPED_RESET_VECTOR       code   0x002000    program   0x000006
           .code___init.o       code   0x002006    program   0x000002
REMAPPED_HIGH_INTERRUPT_VECTOR       code   0x002008    program   0x000006
          .code_adcbusy.o       code   0x00200e    program   0x00000a
REMAPPED_LOW_INTERRUPT_VECTOR       code   0x002018    program   0x000006
  .code_motorController.o       code   0x00201e    program   0x000294
      .code_serialDebug.o       code   0x0022b2    program   0x000254
      .code_dwengoDelay.o       code   0x002506    program   0x0001f6
             .code_util.o       code   0x0026fc    program   0x000170
        .code_serialLCD.o       code   0x00286c    program   0x000112
        .code_dwengoADC.o       code   0x00297e    program   0x0000fc
               _cinit_scn       code   0x002a7a    program   0x00009e
            .code_uopen.o       code   0x002b18    program   0x00008a
          .code_adcopen.o       code   0x002ba2    program   0x00006e
           .code_uputrs.o       code   0x002c10    program   0x000064
            .code_uputs.o       code   0x002c74    program   0x00004c
           .code_uwrite.o       code   0x002cc0    program   0x00002e
         .code_adcsetch.o       code   0x002cee    program   0x00002e
         .code_fxd1616u.o       code   0x002d1c    program   0x00002c
                    .code       code   0x002d48    program   0x000020
             _startup_scn       code   0x002d68    program   0x00001c
      .code_dwengoBoard.o       code   0x002d84    program   0x00001a
         .idata_aiLib.o_i    romdata   0x002d9e    program   0x00000e
.config_300000_robotController.o    romdata   0x300000    program   0x000001
.config_300001_robotController.o    romdata   0x300001    program   0x000001
.config_300002_robotController.o    romdata   0x300002    program   0x000001
.config_300003_robotController.o    romdata   0x300003    program   0x000001
.config_300005_robotController.o    romdata   0x300005    program   0x000001
.config_300006_robotController.o    romdata   0x300006    program   0x000001
.config_300008_robotController.o    romdata   0x300008    program   0x000001
.config_300009_robotController.o    romdata   0x300009    program   0x000001
.config_30000a_robotController.o    romdata   0x30000a    program   0x000001
.config_30000b_robotController.o    romdata   0x30000b    program   0x000001
.config_30000c_robotController.o    romdata   0x30000c    program   0x000001
.config_30000d_robotController.o    romdata   0x30000d    program   0x000001
                MATH_DATA      udata   0x000000       data   0x000014
                 .tmpdata      udata   0x000014       data   0x000012
YourHighPriorityISRCode_tmp      udata   0x000026       data   0x000002
           .udata_aiLib.o      udata   0x000060       data   0x000016
           .idata_aiLib.o      idata   0x000076       data   0x00000e
           .udata_c018i.o      udata   0x000084       data   0x00000a
 .udata_motorController.o      udata   0x00008e       data   0x000004
     .udata_serialDebug.o      udata   0x000092       data   0x000002
 .udata_robotController.o      udata   0x000094       data   0x000002
           .udata_udefs.o      udata   0x000096       data   0x000001
        .idata_fxd1616u.o      idata   0x000097       data   0x000000
         .udata_adcopen.o      udata   0x000097       data   0x000000
         .idata_adcopen.o      idata   0x000097       data   0x000000
           .udata_uopen.o      udata   0x000097       data   0x000000
           .idata_uopen.o      idata   0x000097       data   0x000000
         .udata_adcread.o      udata   0x000097       data   0x000000
         .idata_adcread.o      idata   0x000097       data   0x000000
        .udata_adcsetch.o      udata   0x000097       data   0x000000
        .idata_adcsetch.o      idata   0x000097       data   0x000000
          .udata_uwrite.o      udata   0x000097       data   0x000000
          .idata_uwrite.o      idata   0x000097       data   0x000000
           .idata_uputs.o      idata   0x000097       data   0x000000
           .udata_uputs.o      udata   0x000097       data   0x000000
           .idata_udefs.o      idata   0x000097       data   0x000000
          .udata___init.o      udata   0x000097       data   0x000000
          .idata___init.o      idata   0x000097       data   0x000000
          .udata_uputrs.o      udata   0x000097       data   0x000000
          .idata_uputrs.o      idata   0x000097       data   0x000000
           .idata_c018i.o      idata   0x000097       data   0x000000
       .udata_dwengoADC.o      udata   0x000097       data   0x000000
       .idata_dwengoADC.o      idata   0x000097       data   0x000000
     .udata_dwengoBoard.o      udata   0x000097       data   0x000000
     .idata_dwengoBoard.o      idata   0x000097       data   0x000000
     .udata_dwengoDelay.o      udata   0x000097       data   0x000000
     .idata_dwengoDelay.o      idata   0x000097       data   0x000000
 .idata_robotController.o      idata   0x000097       data   0x000000
 .idata_motorController.o      idata   0x000097       data   0x000000
            .udata_util.o      udata   0x000097       data   0x000000
            .idata_util.o      idata   0x000097       data   0x000000
     .idata_serialDebug.o      idata   0x000097       data   0x000000
       .udata_serialLCD.o      udata   0x000097       data   0x000000
       .idata_serialLCD.o      idata   0x000097       data   0x000000
         .udata_adcbusy.o      udata   0x000097       data   0x000000
         .idata_adcbusy.o      idata   0x000097       data   0x000000
         .udata_adcconv.o      udata   0x000097       data   0x000000
         .idata_adcconv.o      idata   0x000097       data   0x000000
        .udata_fxd1616u.o      udata   0x000097       data   0x000000
                   .stack      udata   0x000300       data   0x000100
            SFR_UNBANKED0      udata   0x000f62       data   0x00009e



                              Program Memory Usage 
                               Start         End      
                           ---------   ---------      
                            0x000000    0x000005      
                            0x000008    0x00000d      
                            0x000018    0x001e0e      
                            0x001e10    0x001ffd      
                            0x002000    0x002dab      
                            0x300000    0x300003      
                            0x300005    0x300006      
                            0x300008    0x30000d      
            11689 out of 33048 program addresses used, program memory utilization is 35%



                              Symbols - Sorted by Name
                     Name    Address   Location    Storage File                     
                ---------  ---------  ---------  --------- ---------                
                  BusyADC   0x00200e    program     extern C:\Program Files\Microchip\mplabc18\v3.37\src\pmc_common\ADC\adcbusy.c
               ConvertADC   0x001ffa    program     extern C:\Program Files\Microchip\mplabc18\v3.37\src\pmc_common\ADC\adcconv.c
                   D1616S   0x00189e    program     static C:\Program Files\Microchip\mplabc18\v3.37\src\traditional\math\fxd1616s.asm
                D1616SNEG   0x0018ac    program     static C:\Program Files\Microchip\mplabc18\v3.37\src\traditional\math\fxd1616s.asm
                 D1616SOK   0x0018a8    program     static C:\Program Files\Microchip\mplabc18\v3.37\src\traditional\math\fxd1616s.asm
                  D1616SX   0x0018be    program     static C:\Program Files\Microchip\mplabc18\v3.37\src\traditional\math\fxd1616s.asm
                  DA1616S   0x00188e    program     static C:\Program Files\Microchip\mplabc18\v3.37\src\traditional\math\fxd1616s.asm
                 FLO1632S   0x00177c    program     extern C:\Program Files\Microchip\mplabc18\v3.37\src\traditional\math\cast16FP.asm
                 FLO1632U   0x001778    program     extern C:\Program Files\Microchip\mplabc18\v3.37\src\traditional\math\cast16FP.asm
                    FPM32   0x0017a2    program     extern C:\Program Files\Microchip\mplabc18\v3.37\src\traditional\math\mulFP.asm
                 FXD1616S   0x00187c    program     extern C:\Program Files\Microchip\mplabc18\v3.37\src\traditional\math\fxd1616s.asm
                 FXD1616U   0x002d1c    program     extern C:\Program Files\Microchip\mplabc18\v3.37\src\traditional\math\fxd1616u.c
                 FXM1616S   0x0018c8    program     extern C:\Program Files\Microchip\mplabc18\v3.37\src\traditional\math\fxm1616s.asm
                 FXM1616U   0x001922    program     extern C:\Program Files\Microchip\mplabc18\v3.37\src\traditional\math\fxm1616u.asm
                  OpenADC   0x002ba2    program     extern C:\Program Files\Microchip\mplabc18\v3.37\src\pmc_common\ADC\adcopen.c
                OpenUSART   0x002b18    program     extern C:\Program Files\Microchip\mplabc18\v3.37\src\pmc_common\USART\uopen.c
                  ReadADC   0x001fe8    program     extern C:\Program Files\Microchip\mplabc18\v3.37\src\pmc_common\ADC\adcread.c
        Remapped_High_ISR   0x002008    program     extern C:\Users\User\Documents\destructoid\sumolib\robotController.c
         Remapped_Low_ISR   0x002018    program     extern C:\Users\User\Documents\destructoid\sumolib\robotController.c
               SetChanADC   0x002cee    program     extern C:\Program Files\Microchip\mplabc18\v3.37\src\pmc_common\ADC\adcsetch.c
                  TALTB32   0x00195e    program     extern C:\Program Files\Microchip\mplabc18\v3.37\src\traditional\math\ltFP.asm
               TSIGN1616A   0x001914    program     static C:\Program Files\Microchip\mplabc18\v3.37\src\traditional\math\fxm1616s.asm
               WriteUSART   0x002cc0    program     extern C:\Program Files\Microchip\mplabc18\v3.37\src\pmc_common\USART\uwrite.c
  YourHighPriorityISRCode   0x001e10    program     extern C:\Users\User\Documents\destructoid\sumolib\robotController.c
   YourLowPriorityISRCode   0x001e56    program     extern C:\Users\User\Documents\destructoid\sumolib\robotController.c
              __FpCompare   0x001970    program     extern C:\Program Files\Microchip\mplabc18\v3.37\src\traditional\math\compFP.asm
                 __FpExit   0x001a26    program     extern C:\Program Files\Microchip\mplabc18\v3.37\src\traditional\math\packFP.asm
                 __FpPack   0x001a52    program     extern C:\Program Files\Microchip\mplabc18\v3.37\src\traditional\math\packFP.asm
            __FpReturnNaN   0x001a1a    program     extern C:\Program Files\Microchip\mplabc18\v3.37\src\traditional\math\packFP.asm
         __FpReturnNegInf   0x001a2c    program     extern C:\Program Files\Microchip\mplabc18\v3.37\src\traditional\math\packFP.asm
        __FpReturnNegZero   0x001a44    program     extern C:\Program Files\Microchip\mplabc18\v3.37\src\traditional\math\packFP.asm
         __FpReturnPosInf   0x001a32    program     extern C:\Program Files\Microchip\mplabc18\v3.37\src\traditional\math\packFP.asm
        __FpReturnPosZero   0x001a4c    program     extern C:\Program Files\Microchip\mplabc18\v3.37\src\traditional\math\packFP.asm
        __FpReturnSignInf   0x001a28    program     extern C:\Program Files\Microchip\mplabc18\v3.37\src\traditional\math\packFP.asm
       __FpReturnSignZero   0x001a40    program     extern C:\Program Files\Microchip\mplabc18\v3.37\src\traditional\math\packFP.asm
              __FpReturnW   0x001aaa    program     extern C:\Program Files\Microchip\mplabc18\v3.37\src\traditional\math\packFP.asm
              __FpUnPackA   0x001aca    program     extern C:\Program Files\Microchip\mplabc18\v3.37\src\traditional\math\UnpackFP.asm
              __FpUnPackB   0x001afa    program     extern C:\Program Files\Microchip\mplabc18\v3.37\src\traditional\math\UnpackFP.asm
       ___case_0_lbl00003   0x0029c4    program     static                          
       ___case_1_lbl00004   0x0029d0    program     static                          
       ___case_2_lbl00005   0x0029dc    program     static                          
       ___case_3_lbl00006   0x0029e8    program     static                          
       ___case_4_lbl00007   0x0029f4    program     static                          
       ___case_5_lbl00008   0x002a00    program     static                          
      ___default_lbl00009   0x002a0c    program     static                          
          ___for_lbl00001   0x0025a4    program     static                          
          ___for_lbl00002   0x0025ae    program     static                          
          ___for_lbl00003   0x002552    program     static                          
          ___for_lbl00006   0x002678    program     static                          
          ___for_lbl00007   0x002682    program     static                          
          ___for_lbl00008   0x00261a    program     static                          
           ___if_lbl00004   0x0025ae    program     static                          
           ___if_lbl00009   0x002682    program     static                          
       ___return_lbl00000   0x000004    program     static                          
       ___return_lbl00000   0x002004    program     static                          
       ___return_lbl00000   0x0025ae    program     static                          
       ___return_lbl00000   0x002d46    program     static                          
       ___return_lbl00001   0x00200c    program     static                          
       ___return_lbl00001   0x002d82    program     static                          
       ___return_lbl00001   0x002a66    program     static                          
       ___return_lbl00002   0x002b16    program     static                          
       ___return_lbl00002   0x00201c    program     static                          
       ___return_lbl00003   0x00000c    program     static                          
       ___return_lbl00004   0x00001c    program     static                          
       ___return_lbl00005   0x002682    program     static                          
   ___switchexit_lbl00002   0x002a12    program     static                          
        ___while_lbl00010   0x002a3e    program     static                          
        ___while_lbl00011   0x002a48    program     static                          
               __config_0   0x300000    program     static C:\Users\User\Documents\destructoid\sumolib\robotController.c
               __config_1   0x300001    program     static C:\Users\User\Documents\destructoid\sumolib\robotController.c
              __config_10   0x30000c    program     static C:\Users\User\Documents\destructoid\sumolib\robotController.c
              __config_11   0x30000d    program     static C:\Users\User\Documents\destructoid\sumolib\robotController.c
               __config_2   0x300002    program     static C:\Users\User\Documents\destructoid\sumolib\robotController.c
               __config_3   0x300003    program     static C:\Users\User\Documents\destructoid\sumolib\robotController.c
               __config_4   0x300005    program     static C:\Users\User\Documents\destructoid\sumolib\robotController.c
               __config_5   0x300006    program     static C:\Users\User\Documents\destructoid\sumolib\robotController.c
               __config_6   0x300008    program     static C:\Users\User\Documents\destructoid\sumolib\robotController.c
               __config_7   0x300009    program     static C:\Users\User\Documents\destructoid\sumolib\robotController.c
               __config_8   0x30000a    program     static C:\Users\User\Documents\destructoid\sumolib\robotController.c
               __config_9   0x30000b    program     static C:\Users\User\Documents\destructoid\sumolib\robotController.c
                   __init   0x002006    program     extern C:\Program Files\Microchip\mplabc18\v3.37\src\traditional\stdclib\__init.c
               __string_0   0x001b42    program     static C:\Users\User\Documents\destructoid\sumolib\robotController.c
               __string_0   0x001e0c    program     static C:\Users\User\Documents\destructoid\serialDebug.c
               __string_0   0x001df3    program     static C:\Users\User\Documents\destructoid\motorController.c
               __string_0   0x001d9c    program     static C:\Users\User\Documents\destructoid\aiLib.c
               __string_0   0x001e08    program     static C:\Users\User\Documents\destructoid\util.c
               __string_1   0x001d9b    program     static C:\Users\User\Documents\destructoid\aiLib.c
               __string_1   0x001e04    program     static C:\Users\User\Documents\destructoid\util.c
               __string_1   0x001df1    program     static C:\Users\User\Documents\destructoid\motorController.c
               __string_1   0x001b33    program     static C:\Users\User\Documents\destructoid\sumolib\robotController.c
              __string_10   0x001d10    program     static C:\Users\User\Documents\destructoid\aiLib.c
              __string_11   0x001cfd    program     static C:\Users\User\Documents\destructoid\aiLib.c
              __string_12   0x001cea    program     static C:\Users\User\Documents\destructoid\aiLib.c
              __string_13   0x001cd6    program     static C:\Users\User\Documents\destructoid\aiLib.c
              __string_14   0x001cc0    program     static C:\Users\User\Documents\destructoid\aiLib.c
              __string_15   0x001c9f    program     static C:\Users\User\Documents\destructoid\aiLib.c
              __string_16   0x001c9d    program     static C:\Users\User\Documents\destructoid\aiLib.c
              __string_17   0x001c67    program     static C:\Users\User\Documents\destructoid\aiLib.c
              __string_18   0x001c57    program     static C:\Users\User\Documents\destructoid\aiLib.c
              __string_19   0x001c4f    program     static C:\Users\User\Documents\destructoid\aiLib.c
               __string_2   0x001df0    program     static C:\Users\User\Documents\destructoid\motorController.c
               __string_2   0x001b26    program     static C:\Users\User\Documents\destructoid\sumolib\robotController.c
               __string_2   0x001e03    program     static C:\Users\User\Documents\destructoid\util.c
               __string_2   0x001d95    program     static C:\Users\User\Documents\destructoid\aiLib.c
              __string_20   0x001c47    program     static C:\Users\User\Documents\destructoid\aiLib.c
              __string_21   0x001c3e    program     static C:\Users\User\Documents\destructoid\aiLib.c
              __string_22   0x001c36    program     static C:\Users\User\Documents\destructoid\aiLib.c
              __string_23   0x001c2e    program     static C:\Users\User\Documents\destructoid\aiLib.c
              __string_24   0x001c28    program     static C:\Users\User\Documents\destructoid\aiLib.c
              __string_25   0x001c11    program     static C:\Users\User\Documents\destructoid\aiLib.c
              __string_26   0x001beb    program     static C:\Users\User\Documents\destructoid\aiLib.c
              __string_27   0x001bdc    program     static C:\Users\User\Documents\destructoid\aiLib.c
              __string_28   0x001bce    program     static C:\Users\User\Documents\destructoid\aiLib.c
              __string_29   0x001bc0    program     static C:\Users\User\Documents\destructoid\aiLib.c
               __string_3   0x001dc8    program     static C:\Users\User\Documents\destructoid\motorController.c
               __string_3   0x001d8c    program     static C:\Users\User\Documents\destructoid\aiLib.c
              __string_30   0x001bb4    program     static C:\Users\User\Documents\destructoid\aiLib.c
              __string_31   0x001b8f    program     static C:\Users\User\Documents\destructoid\aiLib.c
              __string_32   0x001b88    program     static C:\Users\User\Documents\destructoid\aiLib.c
              __string_33   0x001b81    program     static C:\Users\User\Documents\destructoid\aiLib.c
              __string_34   0x001b7b    program     static C:\Users\User\Documents\destructoid\aiLib.c
              __string_35   0x001b76    program     static C:\Users\User\Documents\destructoid\aiLib.c
              __string_36   0x001b63    program     static C:\Users\User\Documents\destructoid\aiLib.c
              __string_37   0x001b4d    program     static C:\Users\User\Documents\destructoid\aiLib.c
               __string_4   0x001d66    program     static C:\Users\User\Documents\destructoid\aiLib.c
               __string_4   0x001db8    program     static C:\Users\User\Documents\destructoid\motorController.c
               __string_5   0x001d58    program     static C:\Users\User\Documents\destructoid\aiLib.c
               __string_5   0x001db6    program     static C:\Users\User\Documents\destructoid\motorController.c
               __string_6   0x001d4a    program     static C:\Users\User\Documents\destructoid\aiLib.c
               __string_7   0x001d3d    program     static C:\Users\User\Documents\destructoid\aiLib.c
               __string_8   0x001d30    program     static C:\Users\User\Documents\destructoid\aiLib.c
               __string_9   0x001d22    program     static C:\Users\User\Documents\destructoid\aiLib.c
               __tmplbl_0   0x002572    program     static                          
               __tmplbl_1   0x00263a    program     static                          
            __zero_memory   0x002d48    program     extern C:\Program Files\Microchip\mplabc18\v3.37\src\traditional\proc\p18F4550.asm
                _do_cinit   0x002a7a    program     extern C:\Program Files\Microchip\mplabc18\v3.37\src\traditional\startup\c018i.c
                   _entry   0x000000    program     extern C:\Program Files\Microchip\mplabc18\v3.37\src\traditional\startup\c018i.c
                   _reset   0x002000    program     extern C:\Users\User\Documents\destructoid\sumolib\robotController.c
                 _startup   0x002d68    program     extern C:\Program Files\Microchip\mplabc18\v3.37\src\traditional\startup\c018i.c
          appendCharToLCD   0x002892    program     extern C:\Users\User\Documents\destructoid\serialLCD.c
           appendIntToLCD   0x002936    program     extern C:\Users\User\Documents\destructoid\serialLCD.c
       appendStringToLCD_   0x0028ca    program     extern C:\Users\User\Documents\destructoid\serialLCD.c
 appendStringToLCDcharptr   0x002912    program     extern C:\Users\User\Documents\destructoid\serialLCD.c
                 clearLCD   0x002870    program     extern C:\Users\User\Documents\destructoid\serialLCD.c
               commandLCD   0x002872    program     extern C:\Users\User\Documents\destructoid\serialLCD.c
                compare_l   0x002d5e    program     static C:\Program Files\Microchip\mplabc18\v3.37\src\traditional\proc\p18F4550.asm
                copy_loop   0x002aec    program     static                          
            copy_one_byte   0x002af2    program     static                          
              delay_100us   0x002506    program     extern C:\Users\User\Documents\destructoid\sumolib\dwengoDelay.c
                 delay_ms   0x0025c2    program     extern C:\Users\User\Documents\destructoid\sumolib\dwengoDelay.c
                  delay_s   0x002696    program     extern C:\Users\User\Documents\destructoid\sumolib\dwengoDelay.c
           distanceSensor   0x001210    program     extern C:\Users\User\Documents\destructoid\aiLib.c
                   doMove   0x00002c    program     extern C:\Users\User\Documents\destructoid\aiLib.c
                     done   0x002b16    program     static                          
             done_copying   0x002b00    program     static                          
                      end   0x00266c    program     static                          
                      end   0x002608    program     static                          
                      end   0x0025a4    program     static                          
                      end   0x00254c    program     static                          
                      end   0x002a3a    program     static                          
                  endloop   0x002d42    program     static                          
             groundSensor   0x000efa    program     extern C:\Users\User\Documents\destructoid\aiLib.c
              high_vector   0x000008    program     extern C:\Users\User\Documents\destructoid\sumolib\robotController.c
                  initADC   0x00297e    program     extern C:\Users\User\Documents\destructoid\sumolib\dwengoADC.c
                initBoard   0x002d84    program     extern C:\Users\User\Documents\destructoid\sumolib\dwengoBoard.c
                initDebug   0x0022b2    program     extern C:\Users\User\Documents\destructoid\serialDebug.c
                  initLCD   0x00286c    program     extern C:\Users\User\Documents\destructoid\serialLCD.c
               initMotors   0x00201e    program     extern C:\Users\User\Documents\destructoid\motorController.c
              initSensors   0x000b3a    program     extern C:\Users\User\Documents\destructoid\aiLib.c
                initState   0x000a6a    program     extern C:\Users\User\Documents\destructoid\aiLib.c
                 jANotInf   0x0017c0    program     static C:\Program Files\Microchip\mplabc18\v3.37\src\traditional\math\mulFP.asm
                  jAisNeg   0x0019ec    program     static C:\Program Files\Microchip\mplabc18\v3.37\src\traditional\math\compFP.asm
              jBothFinite   0x0017ce    program     static C:\Program Files\Microchip\mplabc18\v3.37\src\traditional\math\mulFP.asm
             jBothNotZero   0x0017da    program     static C:\Program Files\Microchip\mplabc18\v3.37\src\traditional\math\mulFP.asm
             jBothNotZero   0x00198e    program     static C:\Program Files\Microchip\mplabc18\v3.37\src\traditional\math\compFP.asm
                      jEQ   0x0019aa    program     static C:\Program Files\Microchip\mplabc18\v3.37\src\traditional\math\compFP.asm
                    jExch   0x0019b6    program     static C:\Program Files\Microchip\mplabc18\v3.37\src\traditional\math\compFP.asm
                   jExpEQ   0x0019fc    program     static C:\Program Files\Microchip\mplabc18\v3.37\src\traditional\math\compFP.asm
                   jFinal   0x0019e0    program     static C:\Program Files\Microchip\mplabc18\v3.37\src\traditional\math\compFP.asm
                jHaveZero   0x0017d6    program     static C:\Program Files\Microchip\mplabc18\v3.37\src\traditional\math\mulFP.asm
                jI2F16Beg   0x00178c    program     static C:\Program Files\Microchip\mplabc18\v3.37\src\traditional\math\cast16FP.asm
                      jNE   0x0019ae    program     static C:\Program Files\Microchip\mplabc18\v3.37\src\traditional\math\compFP.asm
                  jNoExch   0x0019d6    program     static C:\Program Files\Microchip\mplabc18\v3.37\src\traditional\math\compFP.asm
                  jPkLoop   0x001a60    program     static C:\Program Files\Microchip\mplabc18\v3.37\src\traditional\math\packFP.asm
             jPkRoundDone   0x001aaa    program     static C:\Program Files\Microchip\mplabc18\v3.37\src\traditional\math\packFP.asm
               jPkRoundIt   0x001a92    program     static C:\Program Files\Microchip\mplabc18\v3.37\src\traditional\math\packFP.asm
             jPkShiftDone   0x001a7c    program     static C:\Program Files\Microchip\mplabc18\v3.37\src\traditional\math\packFP.asm
           jReturnPosInf0   0x001a36    program     static C:\Program Files\Microchip\mplabc18\v3.37\src\traditional\math\packFP.asm
                  jRotate   0x001a08    program     static C:\Program Files\Microchip\mplabc18\v3.37\src\traditional\math\compFP.asm
                   jShift   0x0019f2    program     static C:\Program Files\Microchip\mplabc18\v3.37\src\traditional\math\compFP.asm
                 jSignsEQ   0x001992    program     static C:\Program Files\Microchip\mplabc18\v3.37\src\traditional\math\compFP.asm
                  jUnpkA1   0x001ad4    program     static C:\Program Files\Microchip\mplabc18\v3.37\src\traditional\math\UnpackFP.asm
                  jUnpkA2   0x001aec    program     static C:\Program Files\Microchip\mplabc18\v3.37\src\traditional\math\UnpackFP.asm
                 jUnpkANZ   0x001ae2    program     static C:\Program Files\Microchip\mplabc18\v3.37\src\traditional\math\UnpackFP.asm
                  jUnpkB1   0x001b04    program     static C:\Program Files\Microchip\mplabc18\v3.37\src\traditional\math\UnpackFP.asm
                  jUnpkB2   0x001b1c    program     static C:\Program Files\Microchip\mplabc18\v3.37\src\traditional\math\UnpackFP.asm
                 jUnpkBNZ   0x001b12    program     static C:\Program Files\Microchip\mplabc18\v3.37\src\traditional\math\UnpackFP.asm
                 jUnpkNaN   0x001af6    program     static C:\Program Files\Microchip\mplabc18\v3.37\src\traditional\math\UnpackFP.asm
               jZero1and2   0x001a3a    program     static C:\Program Files\Microchip\mplabc18\v3.37\src\traditional\math\packFP.asm
                     loop   0x002d78    program     static                          
                     loop   0x002656    program     static                          
                     loop   0x0025f2    program     static                          
                     loop   0x002a24    program     static                          
                     loop   0x00258e    program     static                          
                     loop   0x002d26    program     static                          
                     loop   0x002536    program     static                          
                   loop_h   0x002d56    program     static C:\Program Files\Microchip\mplabc18\v3.37\src\traditional\proc\p18F4550.asm
                   loop_l   0x002d60    program     static C:\Program Files\Microchip\mplabc18\v3.37\src\traditional\proc\p18F4550.asm
               low_vector   0x000018    program     extern C:\Users\User\Documents\destructoid\sumolib\robotController.c
                     main   0x001e7c    program     extern C:\Users\User\Documents\destructoid\sumolib\robotController.c
                      mod   0x00278a    program     extern C:\Users\User\Documents\destructoid\util.c
                      pow   0x0026fc    program     extern C:\Users\User\Documents\destructoid\util.c
                printChar   0x002312    program     extern C:\Users\User\Documents\destructoid\serialDebug.c
           printCharToLCD   0x0028ae    program     extern C:\Users\User\Documents\destructoid\serialLCD.c
                 printInt   0x002370    program     extern C:\Users\User\Documents\destructoid\serialDebug.c
            printIntToLCD   0x00295a    program     extern C:\Users\User\Documents\destructoid\serialLCD.c
               printState   0x001386    program     extern C:\Users\User\Documents\destructoid\aiLib.c
         printStringToLCD   0x0028ee    program     extern C:\Users\User\Documents\destructoid\serialLCD.c
             printString_   0x00233a    program     extern C:\Users\User\Documents\destructoid\serialDebug.c
               pushSensor   0x0012b8    program     extern C:\Users\User\Documents\destructoid\aiLib.c
               putrsUSART   0x002c10    program     extern C:\Program Files\Microchip\mplabc18\v3.37\src\pmc_common\USART\uputrs.c
                putsUSART   0x002c74    program     extern C:\Program Files\Microchip\mplabc18\v3.37\src\pmc_common\USART\uputs.c
                    puts_   0x0022e0    program     extern C:\Users\User\Documents\destructoid\serialDebug.c
                  readADC   0x00299a    program     extern C:\Users\User\Documents\destructoid\sumolib\dwengoADC.c
              readSensors   0x000c5e    program     extern C:\Users\User\Documents\destructoid\aiLib.c
             setCursorLCD   0x002882    program     extern C:\Users\User\Documents\destructoid\serialLCD.c
                setMotors   0x000d44    program     extern C:\Users\User\Documents\destructoid\aiLib.c
            setSpeedMotor   0x002046    program     extern C:\Users\User\Documents\destructoid\motorController.c
           setSpeedMotor1   0x002144    program     extern C:\Users\User\Documents\destructoid\motorController.c
           setSpeedMotor2   0x0021ee    program     extern C:\Users\User\Documents\destructoid\motorController.c
               stopMotors   0x002298    program     extern C:\Users\User\Documents\destructoid\motorController.c
            survivalCheck   0x0005a6    program     extern C:\Users\User\Documents\destructoid\aiLib.c
                     test   0x002a94    program     static                          
               zero_block   0x002d56    program     static C:\Program Files\Microchip\mplabc18\v3.37\src\traditional\proc\p18F4550.asm
                   ADCON0   0x000fc2       data     extern C:\Program Files\Microchip\mplabc18\v3.37\src\traditional\proc\p18F4550.asm
               ADCON0bits   0x000fc2       data     extern C:\Program Files\Microchip\mplabc18\v3.37\src\traditional\proc\p18F4550.asm
                   ADCON1   0x000fc1       data     extern C:\Program Files\Microchip\mplabc18\v3.37\src\traditional\proc\p18F4550.asm
               ADCON1bits   0x000fc1       data     extern C:\Program Files\Microchip\mplabc18\v3.37\src\traditional\proc\p18F4550.asm
                   ADCON2   0x000fc0       data     extern C:\Program Files\Microchip\mplabc18\v3.37\src\traditional\proc\p18F4550.asm
               ADCON2bits   0x000fc0       data     extern C:\Program Files\Microchip\mplabc18\v3.37\src\traditional\proc\p18F4550.asm
                    ADRES   0x000fc3       data     extern C:\Program Files\Microchip\mplabc18\v3.37\src\traditional\proc\p18F4550.asm
                   ADRESH   0x000fc4       data     extern C:\Program Files\Microchip\mplabc18\v3.37\src\traditional\proc\p18F4550.asm
                   ADRESL   0x000fc3       data     extern C:\Program Files\Microchip\mplabc18\v3.37\src\traditional\proc\p18F4550.asm
                  BAUDCON   0x000fb8       data     extern C:\Program Files\Microchip\mplabc18\v3.37\src\traditional\proc\p18F4550.asm
              BAUDCONbits   0x000fb8       data     extern C:\Program Files\Microchip\mplabc18\v3.37\src\traditional\proc\p18F4550.asm
                  BAUDCTL   0x000fb8       data     extern C:\Program Files\Microchip\mplabc18\v3.37\src\traditional\proc\p18F4550.asm
              BAUDCTLbits   0x000fb8       data     extern C:\Program Files\Microchip\mplabc18\v3.37\src\traditional\proc\p18F4550.asm
                      BSR   0x000fe0       data     extern C:\Program Files\Microchip\mplabc18\v3.37\src\traditional\proc\p18F4550.asm
                   CCP1AS   0x000fb6       data     extern C:\Program Files\Microchip\mplabc18\v3.37\src\traditional\proc\p18F4550.asm
               CCP1ASbits   0x000fb6       data     extern C:\Program Files\Microchip\mplabc18\v3.37\src\traditional\proc\p18F4550.asm
                  CCP1CON   0x000fbd       data     extern C:\Program Files\Microchip\mplabc18\v3.37\src\traditional\proc\p18F4550.asm
              CCP1CONbits   0x000fbd       data     extern C:\Program Files\Microchip\mplabc18\v3.37\src\traditional\proc\p18F4550.asm
                  CCP1DEL   0x000fb7       data     extern C:\Program Files\Microchip\mplabc18\v3.37\src\traditional\proc\p18F4550.asm
              CCP1DELbits   0x000fb7       data     extern C:\Program Files\Microchip\mplabc18\v3.37\src\traditional\proc\p18F4550.asm
                  CCP2CON   0x000fba       data     extern C:\Program Files\Microchip\mplabc18\v3.37\src\traditional\proc\p18F4550.asm
              CCP2CONbits   0x000fba       data     extern C:\Program Files\Microchip\mplabc18\v3.37\src\traditional\proc\p18F4550.asm
                    CCPR1   0x000fbe       data     extern C:\Program Files\Microchip\mplabc18\v3.37\src\traditional\proc\p18F4550.asm
                   CCPR1H   0x000fbf       data     extern C:\Program Files\Microchip\mplabc18\v3.37\src\traditional\proc\p18F4550.asm
                   CCPR1L   0x000fbe       data     extern C:\Program Files\Microchip\mplabc18\v3.37\src\traditional\proc\p18F4550.asm
                    CCPR2   0x000fbb       data     extern C:\Program Files\Microchip\mplabc18\v3.37\src\traditional\proc\p18F4550.asm
                   CCPR2H   0x000fbc       data     extern C:\Program Files\Microchip\mplabc18\v3.37\src\traditional\proc\p18F4550.asm
                   CCPR2L   0x000fbb       data     extern C:\Program Files\Microchip\mplabc18\v3.37\src\traditional\proc\p18F4550.asm
                    CMCON   0x000fb4       data     extern C:\Program Files\Microchip\mplabc18\v3.37\src\traditional\proc\p18F4550.asm
                CMCONbits   0x000fb4       data     extern C:\Program Files\Microchip\mplabc18\v3.37\src\traditional\proc\p18F4550.asm
                   CVRCON   0x000fb5       data     extern C:\Program Files\Microchip\mplabc18\v3.37\src\traditional\proc\p18F4550.asm
               CVRCONbits   0x000fb5       data     extern C:\Program Files\Microchip\mplabc18\v3.37\src\traditional\proc\p18F4550.asm
                     DDRA   0x000f92       data     extern C:\Program Files\Microchip\mplabc18\v3.37\src\traditional\proc\p18F4550.asm
                 DDRAbits   0x000f92       data     extern C:\Program Files\Microchip\mplabc18\v3.37\src\traditional\proc\p18F4550.asm
                     DDRB   0x000f93       data     extern C:\Program Files\Microchip\mplabc18\v3.37\src\traditional\proc\p18F4550.asm
                 DDRBbits   0x000f93       data     extern C:\Program Files\Microchip\mplabc18\v3.37\src\traditional\proc\p18F4550.asm
                     DDRC   0x000f94       data     extern C:\Program Files\Microchip\mplabc18\v3.37\src\traditional\proc\p18F4550.asm
                 DDRCbits   0x000f94       data     extern C:\Program Files\Microchip\mplabc18\v3.37\src\traditional\proc\p18F4550.asm
                     DDRD   0x000f95       data     extern C:\Program Files\Microchip\mplabc18\v3.37\src\traditional\proc\p18F4550.asm
                 DDRDbits   0x000f95       data     extern C:\Program Files\Microchip\mplabc18\v3.37\src\traditional\proc\p18F4550.asm
                     DDRE   0x000f96       data     extern C:\Program Files\Microchip\mplabc18\v3.37\src\traditional\proc\p18F4550.asm
                 DDREbits   0x000f96       data     extern C:\Program Files\Microchip\mplabc18\v3.37\src\traditional\proc\p18F4550.asm
                  ECCP1AS   0x000fb6       data     extern C:\Program Files\Microchip\mplabc18\v3.37\src\traditional\proc\p18F4550.asm
              ECCP1ASbits   0x000fb6       data     extern C:\Program Files\Microchip\mplabc18\v3.37\src\traditional\proc\p18F4550.asm
                 ECCP1CON   0x000fbd       data     extern C:\Program Files\Microchip\mplabc18\v3.37\src\traditional\proc\p18F4550.asm
             ECCP1CONbits   0x000fbd       data     extern C:\Program Files\Microchip\mplabc18\v3.37\src\traditional\proc\p18F4550.asm
                 ECCP1DEL   0x000fb7       data     extern C:\Program Files\Microchip\mplabc18\v3.37\src\traditional\proc\p18F4550.asm
             ECCP1DELbits   0x000fb7       data     extern C:\Program Files\Microchip\mplabc18\v3.37\src\traditional\proc\p18F4550.asm
                    EEADR   0x000fa9       data     extern C:\Program Files\Microchip\mplabc18\v3.37\src\traditional\proc\p18F4550.asm
                   EECON1   0x000fa6       data     extern C:\Program Files\Microchip\mplabc18\v3.37\src\traditional\proc\p18F4550.asm
               EECON1bits   0x000fa6       data     extern C:\Program Files\Microchip\mplabc18\v3.37\src\traditional\proc\p18F4550.asm
                   EECON2   0x000fa7       data     extern C:\Program Files\Microchip\mplabc18\v3.37\src\traditional\proc\p18F4550.asm
                   EEDATA   0x000fa8       data     extern C:\Program Files\Microchip\mplabc18\v3.37\src\traditional\proc\p18F4550.asm
                     FSR0   0x000fe9       data     extern C:\Program Files\Microchip\mplabc18\v3.37\src\traditional\proc\p18F4550.asm
                    FSR0H   0x000fea       data     extern C:\Program Files\Microchip\mplabc18\v3.37\src\traditional\proc\p18F4550.asm
                    FSR0L   0x000fe9       data     extern C:\Program Files\Microchip\mplabc18\v3.37\src\traditional\proc\p18F4550.asm
                     FSR1   0x000fe1       data     extern C:\Program Files\Microchip\mplabc18\v3.37\src\traditional\proc\p18F4550.asm
                    FSR1H   0x000fe2       data     extern C:\Program Files\Microchip\mplabc18\v3.37\src\traditional\proc\p18F4550.asm
                    FSR1L   0x000fe1       data     extern C:\Program Files\Microchip\mplabc18\v3.37\src\traditional\proc\p18F4550.asm
                     FSR2   0x000fd9       data     extern C:\Program Files\Microchip\mplabc18\v3.37\src\traditional\proc\p18F4550.asm
                    FSR2H   0x000fda       data     extern C:\Program Files\Microchip\mplabc18\v3.37\src\traditional\proc\p18F4550.asm
                    FSR2L   0x000fd9       data     extern C:\Program Files\Microchip\mplabc18\v3.37\src\traditional\proc\p18F4550.asm
                  HLVDCON   0x000fd2       data     extern C:\Program Files\Microchip\mplabc18\v3.37\src\traditional\proc\p18F4550.asm
              HLVDCONbits   0x000fd2       data     extern C:\Program Files\Microchip\mplabc18\v3.37\src\traditional\proc\p18F4550.asm
                    INDF0   0x000fef       data     extern C:\Program Files\Microchip\mplabc18\v3.37\src\traditional\proc\p18F4550.asm
                    INDF1   0x000fe7       data     extern C:\Program Files\Microchip\mplabc18\v3.37\src\traditional\proc\p18F4550.asm
                    INDF2   0x000fdf       data     extern C:\Program Files\Microchip\mplabc18\v3.37\src\traditional\proc\p18F4550.asm
                   INTCON   0x000ff2       data     extern C:\Program Files\Microchip\mplabc18\v3.37\src\traditional\proc\p18F4550.asm
                  INTCON2   0x000ff1       data     extern C:\Program Files\Microchip\mplabc18\v3.37\src\traditional\proc\p18F4550.asm
              INTCON2bits   0x000ff1       data     extern C:\Program Files\Microchip\mplabc18\v3.37\src\traditional\proc\p18F4550.asm
                  INTCON3   0x000ff0       data     extern C:\Program Files\Microchip\mplabc18\v3.37\src\traditional\proc\p18F4550.asm
              INTCON3bits   0x000ff0       data     extern C:\Program Files\Microchip\mplabc18\v3.37\src\traditional\proc\p18F4550.asm
               INTCONbits   0x000ff2       data     extern C:\Program Files\Microchip\mplabc18\v3.37\src\traditional\proc\p18F4550.asm
                     IPR1   0x000f9f       data     extern C:\Program Files\Microchip\mplabc18\v3.37\src\traditional\proc\p18F4550.asm
                 IPR1bits   0x000f9f       data     extern C:\Program Files\Microchip\mplabc18\v3.37\src\traditional\proc\p18F4550.asm
                     IPR2   0x000fa2       data     extern C:\Program Files\Microchip\mplabc18\v3.37\src\traditional\proc\p18F4550.asm
                 IPR2bits   0x000fa2       data     extern C:\Program Files\Microchip\mplabc18\v3.37\src\traditional\proc\p18F4550.asm
                     LATA   0x000f89       data     extern C:\Program Files\Microchip\mplabc18\v3.37\src\traditional\proc\p18F4550.asm
                 LATAbits   0x000f89       data     extern C:\Program Files\Microchip\mplabc18\v3.37\src\traditional\proc\p18F4550.asm
                     LATB   0x000f8a       data     extern C:\Program Files\Microchip\mplabc18\v3.37\src\traditional\proc\p18F4550.asm
                 LATBbits   0x000f8a       data     extern C:\Program Files\Microchip\mplabc18\v3.37\src\traditional\proc\p18F4550.asm
                     LATC   0x000f8b       data     extern C:\Program Files\Microchip\mplabc18\v3.37\src\traditional\proc\p18F4550.asm
                 LATCbits   0x000f8b       data     extern C:\Program Files\Microchip\mplabc18\v3.37\src\traditional\proc\p18F4550.asm
                     LATD   0x000f8c       data     extern C:\Program Files\Microchip\mplabc18\v3.37\src\traditional\proc\p18F4550.asm
                 LATDbits   0x000f8c       data     extern C:\Program Files\Microchip\mplabc18\v3.37\src\traditional\proc\p18F4550.asm
                     LATE   0x000f8d       data     extern C:\Program Files\Microchip\mplabc18\v3.37\src\traditional\proc\p18F4550.asm
                 LATEbits   0x000f8d       data     extern C:\Program Files\Microchip\mplabc18\v3.37\src\traditional\proc\p18F4550.asm
                   LVDCON   0x000fd2       data     extern C:\Program Files\Microchip\mplabc18\v3.37\src\traditional\proc\p18F4550.asm
               LVDCONbits   0x000fd2       data     extern C:\Program Files\Microchip\mplabc18\v3.37\src\traditional\proc\p18F4550.asm
                   OSCCON   0x000fd3       data     extern C:\Program Files\Microchip\mplabc18\v3.37\src\traditional\proc\p18F4550.asm
               OSCCONbits   0x000fd3       data     extern C:\Program Files\Microchip\mplabc18\v3.37\src\traditional\proc\p18F4550.asm
                  OSCTUNE   0x000f9b       data     extern C:\Program Files\Microchip\mplabc18\v3.37\src\traditional\proc\p18F4550.asm
              OSCTUNEbits   0x000f9b       data     extern C:\Program Files\Microchip\mplabc18\v3.37\src\traditional\proc\p18F4550.asm
                       PC   0x000ff9       data     extern C:\Program Files\Microchip\mplabc18\v3.37\src\traditional\proc\p18F4550.asm
                      PCL   0x000ff9       data     extern C:\Program Files\Microchip\mplabc18\v3.37\src\traditional\proc\p18F4550.asm
                   PCLATH   0x000ffa       data     extern C:\Program Files\Microchip\mplabc18\v3.37\src\traditional\proc\p18F4550.asm
                   PCLATU   0x000ffb       data     extern C:\Program Files\Microchip\mplabc18\v3.37\src\traditional\proc\p18F4550.asm
                     PIE1   0x000f9d       data     extern C:\Program Files\Microchip\mplabc18\v3.37\src\traditional\proc\p18F4550.asm
                 PIE1bits   0x000f9d       data     extern C:\Program Files\Microchip\mplabc18\v3.37\src\traditional\proc\p18F4550.asm
                     PIE2   0x000fa0       data     extern C:\Program Files\Microchip\mplabc18\v3.37\src\traditional\proc\p18F4550.asm
                 PIE2bits   0x000fa0       data     extern C:\Program Files\Microchip\mplabc18\v3.37\src\traditional\proc\p18F4550.asm
                     PIR1   0x000f9e       data     extern C:\Program Files\Microchip\mplabc18\v3.37\src\traditional\proc\p18F4550.asm
                 PIR1bits   0x000f9e       data     extern C:\Program Files\Microchip\mplabc18\v3.37\src\traditional\proc\p18F4550.asm
                     PIR2   0x000fa1       data     extern C:\Program Files\Microchip\mplabc18\v3.37\src\traditional\proc\p18F4550.asm
                 PIR2bits   0x000fa1       data     extern C:\Program Files\Microchip\mplabc18\v3.37\src\traditional\proc\p18F4550.asm
                   PLUSW0   0x000feb       data     extern C:\Program Files\Microchip\mplabc18\v3.37\src\traditional\proc\p18F4550.asm
                   PLUSW1   0x000fe3       data     extern C:\Program Files\Microchip\mplabc18\v3.37\src\traditional\proc\p18F4550.asm
                   PLUSW2   0x000fdb       data     extern C:\Program Files\Microchip\mplabc18\v3.37\src\traditional\proc\p18F4550.asm
                    PORTA   0x000f80       data     extern C:\Program Files\Microchip\mplabc18\v3.37\src\traditional\proc\p18F4550.asm
                PORTAbits   0x000f80       data     extern C:\Program Files\Microchip\mplabc18\v3.37\src\traditional\proc\p18F4550.asm
                    PORTB   0x000f81       data     extern C:\Program Files\Microchip\mplabc18\v3.37\src\traditional\proc\p18F4550.asm
                PORTBbits   0x000f81       data     extern C:\Program Files\Microchip\mplabc18\v3.37\src\traditional\proc\p18F4550.asm
                    PORTC   0x000f82       data     extern C:\Program Files\Microchip\mplabc18\v3.37\src\traditional\proc\p18F4550.asm
                PORTCbits   0x000f82       data     extern C:\Program Files\Microchip\mplabc18\v3.37\src\traditional\proc\p18F4550.asm
                    PORTD   0x000f83       data     extern C:\Program Files\Microchip\mplabc18\v3.37\src\traditional\proc\p18F4550.asm
                PORTDbits   0x000f83       data     extern C:\Program Files\Microchip\mplabc18\v3.37\src\traditional\proc\p18F4550.asm
                    PORTE   0x000f84       data     extern C:\Program Files\Microchip\mplabc18\v3.37\src\traditional\proc\p18F4550.asm
                PORTEbits   0x000f84       data     extern C:\Program Files\Microchip\mplabc18\v3.37\src\traditional\proc\p18F4550.asm
                 POSTDEC0   0x000fed       data     extern C:\Program Files\Microchip\mplabc18\v3.37\src\traditional\proc\p18F4550.asm
                 POSTDEC1   0x000fe5       data     extern C:\Program Files\Microchip\mplabc18\v3.37\src\traditional\proc\p18F4550.asm
                 POSTDEC2   0x000fdd       data     extern C:\Program Files\Microchip\mplabc18\v3.37\src\traditional\proc\p18F4550.asm
                 POSTINC0   0x000fee       data     extern C:\Program Files\Microchip\mplabc18\v3.37\src\traditional\proc\p18F4550.asm
                 POSTINC1   0x000fe6       data     extern C:\Program Files\Microchip\mplabc18\v3.37\src\traditional\proc\p18F4550.asm
                 POSTINC2   0x000fde       data     extern C:\Program Files\Microchip\mplabc18\v3.37\src\traditional\proc\p18F4550.asm
                      PR2   0x000fcb       data     extern C:\Program Files\Microchip\mplabc18\v3.37\src\traditional\proc\p18F4550.asm
                  PREINC0   0x000fec       data     extern C:\Program Files\Microchip\mplabc18\v3.37\src\traditional\proc\p18F4550.asm
                  PREINC1   0x000fe4       data     extern C:\Program Files\Microchip\mplabc18\v3.37\src\traditional\proc\p18F4550.asm
                  PREINC2   0x000fdc       data     extern C:\Program Files\Microchip\mplabc18\v3.37\src\traditional\proc\p18F4550.asm
                     PROD   0x000ff3       data     extern C:\Program Files\Microchip\mplabc18\v3.37\src\traditional\proc\p18F4550.asm
                    PRODH   0x000ff4       data     extern C:\Program Files\Microchip\mplabc18\v3.37\src\traditional\proc\p18F4550.asm
                    PRODL   0x000ff3       data     extern C:\Program Files\Microchip\mplabc18\v3.37\src\traditional\proc\p18F4550.asm
                     RCON   0x000fd0       data     extern C:\Program Files\Microchip\mplabc18\v3.37\src\traditional\proc\p18F4550.asm
                 RCONbits   0x000fd0       data     extern C:\Program Files\Microchip\mplabc18\v3.37\src\traditional\proc\p18F4550.asm
                    RCREG   0x000fae       data     extern C:\Program Files\Microchip\mplabc18\v3.37\src\traditional\proc\p18F4550.asm
                    RCSTA   0x000fab       data     extern C:\Program Files\Microchip\mplabc18\v3.37\src\traditional\proc\p18F4550.asm
                RCSTAbits   0x000fab       data     extern C:\Program Files\Microchip\mplabc18\v3.37\src\traditional\proc\p18F4550.asm
                     SIGN   0x000000       data     extern C:\Program Files\Microchip\mplabc18\v3.37\src\traditional\math\cmath18.asm
                    SPBRG   0x000faf       data     extern C:\Program Files\Microchip\mplabc18\v3.37\src\traditional\proc\p18F4550.asm
                   SPBRGH   0x000fb0       data     extern C:\Program Files\Microchip\mplabc18\v3.37\src\traditional\proc\p18F4550.asm
                   SPPCFG   0x000f63       data     extern C:\Program Files\Microchip\mplabc18\v3.37\src\traditional\proc\p18F4550.asm
               SPPCFGbits   0x000f63       data     extern C:\Program Files\Microchip\mplabc18\v3.37\src\traditional\proc\p18F4550.asm
                   SPPCON   0x000f65       data     extern C:\Program Files\Microchip\mplabc18\v3.37\src\traditional\proc\p18F4550.asm
               SPPCONbits   0x000f65       data     extern C:\Program Files\Microchip\mplabc18\v3.37\src\traditional\proc\p18F4550.asm
                  SPPDATA   0x000f62       data     extern C:\Program Files\Microchip\mplabc18\v3.37\src\traditional\proc\p18F4550.asm
                   SPPEPS   0x000f64       data     extern C:\Program Files\Microchip\mplabc18\v3.37\src\traditional\proc\p18F4550.asm
               SPPEPSbits   0x000f64       data     extern C:\Program Files\Microchip\mplabc18\v3.37\src\traditional\proc\p18F4550.asm
                   SSPADD   0x000fc8       data     extern C:\Program Files\Microchip\mplabc18\v3.37\src\traditional\proc\p18F4550.asm
                   SSPBUF   0x000fc9       data     extern C:\Program Files\Microchip\mplabc18\v3.37\src\traditional\proc\p18F4550.asm
                  SSPCON1   0x000fc6       data     extern C:\Program Files\Microchip\mplabc18\v3.37\src\traditional\proc\p18F4550.asm
              SSPCON1bits   0x000fc6       data     extern C:\Program Files\Microchip\mplabc18\v3.37\src\traditional\proc\p18F4550.asm
                  SSPCON2   0x000fc5       data     extern C:\Program Files\Microchip\mplabc18\v3.37\src\traditional\proc\p18F4550.asm
              SSPCON2bits   0x000fc5       data     extern C:\Program Files\Microchip\mplabc18\v3.37\src\traditional\proc\p18F4550.asm
                  SSPSTAT   0x000fc7       data     extern C:\Program Files\Microchip\mplabc18\v3.37\src\traditional\proc\p18F4550.asm
              SSPSTATbits   0x000fc7       data     extern C:\Program Files\Microchip\mplabc18\v3.37\src\traditional\proc\p18F4550.asm
                   STATUS   0x000fd8       data     extern C:\Program Files\Microchip\mplabc18\v3.37\src\traditional\proc\p18F4550.asm
               STATUSbits   0x000fd8       data     extern C:\Program Files\Microchip\mplabc18\v3.37\src\traditional\proc\p18F4550.asm
                   STKPTR   0x000ffc       data     extern C:\Program Files\Microchip\mplabc18\v3.37\src\traditional\proc\p18F4550.asm
               STKPTRbits   0x000ffc       data     extern C:\Program Files\Microchip\mplabc18\v3.37\src\traditional\proc\p18F4550.asm
                    T0CON   0x000fd5       data     extern C:\Program Files\Microchip\mplabc18\v3.37\src\traditional\proc\p18F4550.asm
                T0CONbits   0x000fd5       data     extern C:\Program Files\Microchip\mplabc18\v3.37\src\traditional\proc\p18F4550.asm
                    T1CON   0x000fcd       data     extern C:\Program Files\Microchip\mplabc18\v3.37\src\traditional\proc\p18F4550.asm
                T1CONbits   0x000fcd       data     extern C:\Program Files\Microchip\mplabc18\v3.37\src\traditional\proc\p18F4550.asm
                    T2CON   0x000fca       data     extern C:\Program Files\Microchip\mplabc18\v3.37\src\traditional\proc\p18F4550.asm
                T2CONbits   0x000fca       data     extern C:\Program Files\Microchip\mplabc18\v3.37\src\traditional\proc\p18F4550.asm
                    T3CON   0x000fb1       data     extern C:\Program Files\Microchip\mplabc18\v3.37\src\traditional\proc\p18F4550.asm
                T3CONbits   0x000fb1       data     extern C:\Program Files\Microchip\mplabc18\v3.37\src\traditional\proc\p18F4550.asm
                   TABLAT   0x000ff5       data     extern C:\Program Files\Microchip\mplabc18\v3.37\src\traditional\proc\p18F4550.asm
                   TBLPTR   0x000ff6       data     extern C:\Program Files\Microchip\mplabc18\v3.37\src\traditional\proc\p18F4550.asm
                  TBLPTRH   0x000ff7       data     extern C:\Program Files\Microchip\mplabc18\v3.37\src\traditional\proc\p18F4550.asm
                  TBLPTRL   0x000ff6       data     extern C:\Program Files\Microchip\mplabc18\v3.37\src\traditional\proc\p18F4550.asm
                  TBLPTRU   0x000ff8       data     extern C:\Program Files\Microchip\mplabc18\v3.37\src\traditional\proc\p18F4550.asm
                    TMR0H   0x000fd7       data     extern C:\Program Files\Microchip\mplabc18\v3.37\src\traditional\proc\p18F4550.asm
                    TMR0L   0x000fd6       data     extern C:\Program Files\Microchip\mplabc18\v3.37\src\traditional\proc\p18F4550.asm
                    TMR1H   0x000fcf       data     extern C:\Program Files\Microchip\mplabc18\v3.37\src\traditional\proc\p18F4550.asm
                    TMR1L   0x000fce       data     extern C:\Program Files\Microchip\mplabc18\v3.37\src\traditional\proc\p18F4550.asm
                     TMR2   0x000fcc       data     extern C:\Program Files\Microchip\mplabc18\v3.37\src\traditional\proc\p18F4550.asm
                    TMR3H   0x000fb3       data     extern C:\Program Files\Microchip\mplabc18\v3.37\src\traditional\proc\p18F4550.asm
                    TMR3L   0x000fb2       data     extern C:\Program Files\Microchip\mplabc18\v3.37\src\traditional\proc\p18F4550.asm
                      TOS   0x000ffd       data     extern C:\Program Files\Microchip\mplabc18\v3.37\src\traditional\proc\p18F4550.asm
                     TOSH   0x000ffe       data     extern C:\Program Files\Microchip\mplabc18\v3.37\src\traditional\proc\p18F4550.asm
                     TOSL   0x000ffd       data     extern C:\Program Files\Microchip\mplabc18\v3.37\src\traditional\proc\p18F4550.asm
                     TOSU   0x000fff       data     extern C:\Program Files\Microchip\mplabc18\v3.37\src\traditional\proc\p18F4550.asm
                    TRISA   0x000f92       data     extern C:\Program Files\Microchip\mplabc18\v3.37\src\traditional\proc\p18F4550.asm
                TRISAbits   0x000f92       data     extern C:\Program Files\Microchip\mplabc18\v3.37\src\traditional\proc\p18F4550.asm
                    TRISB   0x000f93       data     extern C:\Program Files\Microchip\mplabc18\v3.37\src\traditional\proc\p18F4550.asm
                TRISBbits   0x000f93       data     extern C:\Program Files\Microchip\mplabc18\v3.37\src\traditional\proc\p18F4550.asm
                    TRISC   0x000f94       data     extern C:\Program Files\Microchip\mplabc18\v3.37\src\traditional\proc\p18F4550.asm
                TRISCbits   0x000f94       data     extern C:\Program Files\Microchip\mplabc18\v3.37\src\traditional\proc\p18F4550.asm
                    TRISD   0x000f95       data     extern C:\Program Files\Microchip\mplabc18\v3.37\src\traditional\proc\p18F4550.asm
                TRISDbits   0x000f95       data     extern C:\Program Files\Microchip\mplabc18\v3.37\src\traditional\proc\p18F4550.asm
                    TRISE   0x000f96       data     extern C:\Program Files\Microchip\mplabc18\v3.37\src\traditional\proc\p18F4550.asm
                TRISEbits   0x000f96       data     extern C:\Program Files\Microchip\mplabc18\v3.37\src\traditional\proc\p18F4550.asm
                    TXREG   0x000fad       data     extern C:\Program Files\Microchip\mplabc18\v3.37\src\traditional\proc\p18F4550.asm
                    TXSTA   0x000fac       data     extern C:\Program Files\Microchip\mplabc18\v3.37\src\traditional\proc\p18F4550.asm
                TXSTAbits   0x000fac       data     extern C:\Program Files\Microchip\mplabc18\v3.37\src\traditional\proc\p18F4550.asm
                    UADDR   0x000f6e       data     extern C:\Program Files\Microchip\mplabc18\v3.37\src\traditional\proc\p18F4550.asm
                UADDRbits   0x000f6e       data     extern C:\Program Files\Microchip\mplabc18\v3.37\src\traditional\proc\p18F4550.asm
                     UCFG   0x000f6f       data     extern C:\Program Files\Microchip\mplabc18\v3.37\src\traditional\proc\p18F4550.asm
                 UCFGbits   0x000f6f       data     extern C:\Program Files\Microchip\mplabc18\v3.37\src\traditional\proc\p18F4550.asm
                     UCON   0x000f6d       data     extern C:\Program Files\Microchip\mplabc18\v3.37\src\traditional\proc\p18F4550.asm
                 UCONbits   0x000f6d       data     extern C:\Program Files\Microchip\mplabc18\v3.37\src\traditional\proc\p18F4550.asm
                     UEIE   0x000f6b       data     extern C:\Program Files\Microchip\mplabc18\v3.37\src\traditional\proc\p18F4550.asm
                 UEIEbits   0x000f6b       data     extern C:\Program Files\Microchip\mplabc18\v3.37\src\traditional\proc\p18F4550.asm
                     UEIR   0x000f6a       data     extern C:\Program Files\Microchip\mplabc18\v3.37\src\traditional\proc\p18F4550.asm
                 UEIRbits   0x000f6a       data     extern C:\Program Files\Microchip\mplabc18\v3.37\src\traditional\proc\p18F4550.asm
                     UEP0   0x000f70       data     extern C:\Program Files\Microchip\mplabc18\v3.37\src\traditional\proc\p18F4550.asm
                 UEP0bits   0x000f70       data     extern C:\Program Files\Microchip\mplabc18\v3.37\src\traditional\proc\p18F4550.asm
                     UEP1   0x000f71       data     extern C:\Program Files\Microchip\mplabc18\v3.37\src\traditional\proc\p18F4550.asm
                    UEP10   0x000f7a       data     extern C:\Program Files\Microchip\mplabc18\v3.37\src\traditional\proc\p18F4550.asm
                UEP10bits   0x000f7a       data     extern C:\Program Files\Microchip\mplabc18\v3.37\src\traditional\proc\p18F4550.asm
                    UEP11   0x000f7b       data     extern C:\Program Files\Microchip\mplabc18\v3.37\src\traditional\proc\p18F4550.asm
                UEP11bits   0x000f7b       data     extern C:\Program Files\Microchip\mplabc18\v3.37\src\traditional\proc\p18F4550.asm
                    UEP12   0x000f7c       data     extern C:\Program Files\Microchip\mplabc18\v3.37\src\traditional\proc\p18F4550.asm
                UEP12bits   0x000f7c       data     extern C:\Program Files\Microchip\mplabc18\v3.37\src\traditional\proc\p18F4550.asm
                    UEP13   0x000f7d       data     extern C:\Program Files\Microchip\mplabc18\v3.37\src\traditional\proc\p18F4550.asm
                UEP13bits   0x000f7d       data     extern C:\Program Files\Microchip\mplabc18\v3.37\src\traditional\proc\p18F4550.asm
                    UEP14   0x000f7e       data     extern C:\Program Files\Microchip\mplabc18\v3.37\src\traditional\proc\p18F4550.asm
                UEP14bits   0x000f7e       data     extern C:\Program Files\Microchip\mplabc18\v3.37\src\traditional\proc\p18F4550.asm
                    UEP15   0x000f7f       data     extern C:\Program Files\Microchip\mplabc18\v3.37\src\traditional\proc\p18F4550.asm
                UEP15bits   0x000f7f       data     extern C:\Program Files\Microchip\mplabc18\v3.37\src\traditional\proc\p18F4550.asm
                 UEP1bits   0x000f71       data     extern C:\Program Files\Microchip\mplabc18\v3.37\src\traditional\proc\p18F4550.asm
                     UEP2   0x000f72       data     extern C:\Program Files\Microchip\mplabc18\v3.37\src\traditional\proc\p18F4550.asm
                 UEP2bits   0x000f72       data     extern C:\Program Files\Microchip\mplabc18\v3.37\src\traditional\proc\p18F4550.asm
                     UEP3   0x000f73       data     extern C:\Program Files\Microchip\mplabc18\v3.37\src\traditional\proc\p18F4550.asm
                 UEP3bits   0x000f73       data     extern C:\Program Files\Microchip\mplabc18\v3.37\src\traditional\proc\p18F4550.asm
                     UEP4   0x000f74       data     extern C:\Program Files\Microchip\mplabc18\v3.37\src\traditional\proc\p18F4550.asm
                 UEP4bits   0x000f74       data     extern C:\Program Files\Microchip\mplabc18\v3.37\src\traditional\proc\p18F4550.asm
                     UEP5   0x000f75       data     extern C:\Program Files\Microchip\mplabc18\v3.37\src\traditional\proc\p18F4550.asm
                 UEP5bits   0x000f75       data     extern C:\Program Files\Microchip\mplabc18\v3.37\src\traditional\proc\p18F4550.asm
                     UEP6   0x000f76       data     extern C:\Program Files\Microchip\mplabc18\v3.37\src\traditional\proc\p18F4550.asm
                 UEP6bits   0x000f76       data     extern C:\Program Files\Microchip\mplabc18\v3.37\src\traditional\proc\p18F4550.asm
                     UEP7   0x000f77       data     extern C:\Program Files\Microchip\mplabc18\v3.37\src\traditional\proc\p18F4550.asm
                 UEP7bits   0x000f77       data     extern C:\Program Files\Microchip\mplabc18\v3.37\src\traditional\proc\p18F4550.asm
                     UEP8   0x000f78       data     extern C:\Program Files\Microchip\mplabc18\v3.37\src\traditional\proc\p18F4550.asm
                 UEP8bits   0x000f78       data     extern C:\Program Files\Microchip\mplabc18\v3.37\src\traditional\proc\p18F4550.asm
                     UEP9   0x000f79       data     extern C:\Program Files\Microchip\mplabc18\v3.37\src\traditional\proc\p18F4550.asm
                 UEP9bits   0x000f79       data     extern C:\Program Files\Microchip\mplabc18\v3.37\src\traditional\proc\p18F4550.asm
                     UFRM   0x000f66       data     extern C:\Program Files\Microchip\mplabc18\v3.37\src\traditional\proc\p18F4550.asm
                    UFRMH   0x000f67       data     extern C:\Program Files\Microchip\mplabc18\v3.37\src\traditional\proc\p18F4550.asm
                UFRMHbits   0x000f67       data     extern C:\Program Files\Microchip\mplabc18\v3.37\src\traditional\proc\p18F4550.asm
                    UFRML   0x000f66       data     extern C:\Program Files\Microchip\mplabc18\v3.37\src\traditional\proc\p18F4550.asm
                UFRMLbits   0x000f66       data     extern C:\Program Files\Microchip\mplabc18\v3.37\src\traditional\proc\p18F4550.asm
                      UIE   0x000f69       data     extern C:\Program Files\Microchip\mplabc18\v3.37\src\traditional\proc\p18F4550.asm
                  UIEbits   0x000f69       data     extern C:\Program Files\Microchip\mplabc18\v3.37\src\traditional\proc\p18F4550.asm
                      UIR   0x000f68       data     extern C:\Program Files\Microchip\mplabc18\v3.37\src\traditional\proc\p18F4550.asm
                  UIRbits   0x000f68       data     extern C:\Program Files\Microchip\mplabc18\v3.37\src\traditional\proc\p18F4550.asm
             USART_Status   0x000096       data     extern C:\Program Files\Microchip\mplabc18\v3.37\src\pmc_common\USART\udefs.c
                    USTAT   0x000f6c       data     extern C:\Program Files\Microchip\mplabc18\v3.37\src\traditional\proc\p18F4550.asm
                USTATbits   0x000f6c       data     extern C:\Program Files\Microchip\mplabc18\v3.37\src\traditional\proc\p18F4550.asm
                   WDTCON   0x000fd1       data     extern C:\Program Files\Microchip\mplabc18\v3.37\src\traditional\proc\p18F4550.asm
               WDTCONbits   0x000fd1       data     extern C:\Program Files\Microchip\mplabc18\v3.37\src\traditional\proc\p18F4550.asm
                     WREG   0x000fe8       data     extern C:\Program Files\Microchip\mplabc18\v3.37\src\traditional\proc\p18F4550.asm
                 __AARGB0   0x000009       data     extern C:\Program Files\Microchip\mplabc18\v3.37\src\traditional\math\aarg.asm
                 __AARGB1   0x000008       data     extern C:\Program Files\Microchip\mplabc18\v3.37\src\traditional\math\aarg.asm
                 __AARGB2   0x000007       data     extern C:\Program Files\Microchip\mplabc18\v3.37\src\traditional\math\aarg.asm
                 __AARGB3   0x000006       data     extern C:\Program Files\Microchip\mplabc18\v3.37\src\traditional\math\aarg.asm
                 __AARGB4   0x000005       data     extern C:\Program Files\Microchip\mplabc18\v3.37\src\traditional\math\aarg.asm
                 __AARGB5   0x000004       data     extern C:\Program Files\Microchip\mplabc18\v3.37\src\traditional\math\aarg.asm
                 __AARGB6   0x000003       data     extern C:\Program Files\Microchip\mplabc18\v3.37\src\traditional\math\aarg.asm
                 __AARGB7   0x000002       data     extern C:\Program Files\Microchip\mplabc18\v3.37\src\traditional\math\aarg.asm
                   __AEXP   0x00000a       data     extern C:\Program Files\Microchip\mplabc18\v3.37\src\traditional\math\aarg.asm
                 __BARGB0   0x00000e       data     extern C:\Program Files\Microchip\mplabc18\v3.37\src\traditional\math\barg.asm
                 __BARGB1   0x00000d       data     extern C:\Program Files\Microchip\mplabc18\v3.37\src\traditional\math\barg.asm
                 __BARGB2   0x00000c       data     extern C:\Program Files\Microchip\mplabc18\v3.37\src\traditional\math\barg.asm
                 __BARGB3   0x00000b       data     extern C:\Program Files\Microchip\mplabc18\v3.37\src\traditional\math\barg.asm
                   __BEXP   0x00000f       data     extern C:\Program Files\Microchip\mplabc18\v3.37\src\traditional\math\barg.asm
                __FPFLAGS   0x000001       data     extern C:\Program Files\Microchip\mplabc18\v3.37\src\traditional\math\cmath18.asm
            __FPFLAGSbits   0x000001       data     extern C:\Program Files\Microchip\mplabc18\v3.37\src\traditional\math\cmath18.asm
                  __REMB0   0x000005       data     extern C:\Program Files\Microchip\mplabc18\v3.37\src\traditional\math\aarg.asm
                  __REMB1   0x000004       data     extern C:\Program Files\Microchip\mplabc18\v3.37\src\traditional\math\aarg.asm
                  __REMB2   0x000003       data     extern C:\Program Files\Microchip\mplabc18\v3.37\src\traditional\math\aarg.asm
                  __REMB3   0x000002       data     extern C:\Program Files\Microchip\mplabc18\v3.37\src\traditional\math\aarg.asm
                   __TEMP   0x000013       data     extern C:\Program Files\Microchip\mplabc18\v3.37\src\traditional\math\temparg.asm
                 __TEMPB0   0x000013       data     extern C:\Program Files\Microchip\mplabc18\v3.37\src\traditional\math\temparg.asm
                 __TEMPB1   0x000012       data     extern C:\Program Files\Microchip\mplabc18\v3.37\src\traditional\math\temparg.asm
                 __TEMPB2   0x000011       data     extern C:\Program Files\Microchip\mplabc18\v3.37\src\traditional\math\temparg.asm
                 __TEMPB3   0x000010       data     extern C:\Program Files\Microchip\mplabc18\v3.37\src\traditional\math\temparg.asm
                  __tmp_0   0x000014       data     static C:\Users\User\Documents\destructoid\sumolib\robotController.c
                  __tmp_0   0x000014       data     static C:\Users\User\Documents\destructoid\sumolib\dwengoDelay.c
                  __tmp_0   0x000014       data     static C:\Users\User\Documents\destructoid\sumolib\dwengoADC.c
                  __tmp_0   0x000014       data     static C:\Users\User\Documents\destructoid\aiLib.c
                  __tmp_0   0x000014       data     static C:\Program Files\Microchip\mplabc18\v3.37\src\pmc_common\ADC\adcsetch.c
                  __tmp_0   0x000014       data     static C:\Users\User\Documents\destructoid\motorController.c
                  __tmp_0   0x000014       data     static C:\Users\User\Documents\destructoid\util.c
                  __tmp_0   0x000014       data     static C:\Program Files\Microchip\mplabc18\v3.37\src\pmc_common\ADC\adcread.c
                  __tmp_0   0x000014       data     static C:\Program Files\Microchip\mplabc18\v3.37\src\pmc_common\USART\uopen.c
                  __tmp_0   0x000014       data     static C:\Program Files\Microchip\mplabc18\v3.37\src\pmc_common\ADC\adcopen.c
                  __tmp_0   0x000014       data     static C:\Users\User\Documents\destructoid\serialDebug.c
                  __tmp_1   0x000026       data     static C:\Users\User\Documents\destructoid\sumolib\robotController.c
                   buffer   0x000092       data     extern C:\Users\User\Documents\destructoid\serialDebug.c
            currDirMotor1   0x00007c       data     extern C:\Users\User\Documents\destructoid\aiLib.c
            currDirMotor2   0x00007e       data     extern C:\Users\User\Documents\destructoid\aiLib.c
            currDirection   0x00007a       data     extern C:\Users\User\Documents\destructoid\aiLib.c
                currState   0x000076       data     extern C:\Users\User\Documents\destructoid\aiLib.c
                curr_byte   0x000087       data     static C:\Program Files\Microchip\mplabc18\v3.37\src\traditional\startup\c018i.c
               curr_entry   0x000089       data     static C:\Program Files\Microchip\mplabc18\v3.37\src\traditional\startup\c018i.c
                 data_ptr   0x00008b       data     static C:\Program Files\Microchip\mplabc18\v3.37\src\traditional\startup\c018i.c
     initialGroundReading   0x00006e       data     extern C:\Users\User\Documents\destructoid\aiLib.c
           initialLeftEye   0x000080       data     extern C:\Users\User\Documents\destructoid\aiLib.c
          initialRightEye   0x000082       data     extern C:\Users\User\Documents\destructoid\aiLib.c
                     prom   0x000084       data     static C:\Program Files\Microchip\mplabc18\v3.37\src\traditional\startup\c018i.c
                   sensor   0x000060       data     extern C:\Users\User\Documents\destructoid\aiLib.c
              speedMotor1   0x00008e       data     extern C:\Users\User\Documents\destructoid\motorController.c
              speedMotor2   0x000090       data     extern C:\Users\User\Documents\destructoid\motorController.c
               stateTimer   0x000078       data     extern C:\Users\User\Documents\destructoid\aiLib.c
               timerServo   0x000094       data     extern C:\Users\User\Documents\destructoid\sumolib\robotController.c



                              Symbols - Sorted by Address
                     Name    Address   Location    Storage File                     
                ---------  ---------  ---------  --------- ---------                
                   _entry   0x000000    program     extern C:\Program Files\Microchip\mplabc18\v3.37\src\traditional\startup\c018i.c
       ___return_lbl00000   0x000004    program     static                          
              high_vector   0x000008    program     extern C:\Users\User\Documents\destructoid\sumolib\robotController.c
       ___return_lbl00003   0x00000c    program     static                          
               low_vector   0x000018    program     extern C:\Users\User\Documents\destructoid\sumolib\robotController.c
       ___return_lbl00004   0x00001c    program     static                          
                   doMove   0x00002c    program     extern C:\Users\User\Documents\destructoid\aiLib.c
            survivalCheck   0x0005a6    program     extern C:\Users\User\Documents\destructoid\aiLib.c
                initState   0x000a6a    program     extern C:\Users\User\Documents\destructoid\aiLib.c
              initSensors   0x000b3a    program     extern C:\Users\User\Documents\destructoid\aiLib.c
              readSensors   0x000c5e    program     extern C:\Users\User\Documents\destructoid\aiLib.c
                setMotors   0x000d44    program     extern C:\Users\User\Documents\destructoid\aiLib.c
[...]
                 PIE1bits   0x000f9d       data     extern C:\Program Files\Microchip\mplabc18\v3.37\src\traditional\proc\p18F4550.asm
                     PIR1   0x000f9e       data     extern C:\Program Files\Microchip\mplabc18\v3.37\src\traditional\proc\p18F4550.asm
                 PIR1bits   0x000f9e       data     extern C:\Program Files\Microchip\mplabc18\v3.37\src\traditional\proc\p18F4550.asm
                 IPR1bits   0x000f9f       data     extern C:\Program Files\Microchip\mplabc18\v3.37\src\traditional\proc\p18F4550.asm
                     IPR1   0x000f9f       data     extern C:\Program Files\Microchip\mplabc18\v3.37\src\traditional\proc\p18F4550.asm
                     PIE2   0x000fa0       data     extern C:\Program Files\Microchip\mplabc18\v3.37\src\traditional\proc\p18F4550.asm
                 PIE2bits   0x000fa0       data     extern C:\Program Files\Microchip\mplabc18\v3.37\src\traditional\proc\p18F4550.asm
                 PIR2bits   0x000fa1       data     extern C:\Program Files\Microchip\mplabc18\v3.37\src\traditional\proc\p18F4550.asm
                     PIR2   0x000fa1       data     extern C:\Program Files\Microchip\mplabc18\v3.37\src\traditional\proc\p18F4550.asm
                     IPR2   0x000fa2       data     extern C:\Program Files\Microchip\mplabc18\v3.37\src\traditional\proc\p18F4550.asm
                 IPR2bits   0x000fa2       data     extern C:\Program Files\Microchip\mplabc18\v3.37\src\traditional\proc\p18F4550.asm
                   EECON1   0x000fa6       data     extern C:\Program Files\Microchip\mplabc18\v3.37\src\traditional\proc\p18F4550.asm
               EECON1bits   0x000fa6       data     extern C:\Program Files\Microchip\mplabc18\v3.37\src\traditional\proc\p18F4550.asm
                   EECON2   0x000fa7       data     extern C:\Program Files\Microchip\mplabc18\v3.37\src\traditional\proc\p18F4550.asm
                   EEDATA   0x000fa8       data     extern C:\Program Files\Microchip\mplabc18\v3.37\src\traditional\proc\p18F4550.asm
                    EEADR   0x000fa9       data     extern C:\Program Files\Microchip\mplabc18\v3.37\src\traditional\proc\p18F4550.asm
                    RCSTA   0x000fab       data     extern C:\Program Files\Microchip\mplabc18\v3.37\src\traditional\proc\p18F4550.asm
                RCSTAbits   0x000fab       data     extern C:\Program Files\Microchip\mplabc18\v3.37\src\traditional\proc\p18F4550.asm
                    TXSTA   0x000fac       data     extern C:\Program Files\Microchip\mplabc18\v3.37\src\traditional\proc\p18F4550.asm
                TXSTAbits   0x000fac       data     extern C:\Program Files\Microchip\mplabc18\v3.37\src\traditional\proc\p18F4550.asm
                    TXREG   0x000fad       data     extern C:\Program Files\Microchip\mplabc18\v3.37\src\traditional\proc\p18F4550.asm
                    RCREG   0x000fae       data     extern C:\Program Files\Microchip\mplabc18\v3.37\src\traditional\proc\p18F4550.asm
                    SPBRG   0x000faf       data     extern C:\Program Files\Microchip\mplabc18\v3.37\src\traditional\proc\p18F4550.asm
                   SPBRGH   0x000fb0       data     extern C:\Program Files\Microchip\mplabc18\v3.37\src\traditional\proc\p18F4550.asm
                T3CONbits   0x000fb1       data     extern C:\Program Files\Microchip\mplabc18\v3.37\src\traditional\proc\p18F4550.asm
                    T3CON   0x000fb1       data     extern C:\Program Files\Microchip\mplabc18\v3.37\src\traditional\proc\p18F4550.asm
                    TMR3L   0x000fb2       data     extern C:\Program Files\Microchip\mplabc18\v3.37\src\traditional\proc\p18F4550.asm
                    TMR3H   0x000fb3       data     extern C:\Program Files\Microchip\mplabc18\v3.37\src\traditional\proc\p18F4550.asm
                CMCONbits   0x000fb4       data     extern C:\Program Files\Microchip\mplabc18\v3.37\src\traditional\proc\p18F4550.asm
                    CMCON   0x000fb4       data     extern C:\Program Files\Microchip\mplabc18\v3.37\src\traditional\proc\p18F4550.asm
                   CVRCON   0x000fb5       data     extern C:\Program Files\Microchip\mplabc18\v3.37\src\traditional\proc\p18F4550.asm
               CVRCONbits   0x000fb5       data     extern C:\Program Files\Microchip\mplabc18\v3.37\src\traditional\proc\p18F4550.asm
                   CCP1AS   0x000fb6       data     extern C:\Program Files\Microchip\mplabc18\v3.37\src\traditional\proc\p18F4550.asm
               CCP1ASbits   0x000fb6       data     extern C:\Program Files\Microchip\mplabc18\v3.37\src\traditional\proc\p18F4550.asm
                  ECCP1AS   0x000fb6       data     extern C:\Program Files\Microchip\mplabc18\v3.37\src\traditional\proc\p18F4550.asm
              ECCP1ASbits   0x000fb6       data     extern C:\Program Files\Microchip\mplabc18\v3.37\src\traditional\proc\p18F4550.asm
             ECCP1DELbits   0x000fb7       data     extern C:\Program Files\Microchip\mplabc18\v3.37\src\traditional\proc\p18F4550.asm
                 ECCP1DEL   0x000fb7       data     extern C:\Program Files\Microchip\mplabc18\v3.37\src\traditional\proc\p18F4550.asm
                  CCP1DEL   0x000fb7       data     extern C:\Program Files\Microchip\mplabc18\v3.37\src\traditional\proc\p18F4550.asm
              CCP1DELbits   0x000fb7       data     extern C:\Program Files\Microchip\mplabc18\v3.37\src\traditional\proc\p18F4550.asm
                  BAUDCON   0x000fb8       data     extern C:\Program Files\Microchip\mplabc18\v3.37\src\traditional\proc\p18F4550.asm
              BAUDCONbits   0x000fb8       data     extern C:\Program Files\Microchip\mplabc18\v3.37\src\traditional\proc\p18F4550.asm
                  BAUDCTL   0x000fb8       data     extern C:\Program Files\Microchip\mplabc18\v3.37\src\traditional\proc\p18F4550.asm
              BAUDCTLbits   0x000fb8       data     extern C:\Program Files\Microchip\mplabc18\v3.37\src\traditional\proc\p18F4550.asm
              CCP2CONbits   0x000fba       data     extern C:\Program Files\Microchip\mplabc18\v3.37\src\traditional\proc\p18F4550.asm
                  CCP2CON   0x000fba       data     extern C:\Program Files\Microchip\mplabc18\v3.37\src\traditional\proc\p18F4550.asm
                    CCPR2   0x000fbb       data     extern C:\Program Files\Microchip\mplabc18\v3.37\src\traditional\proc\p18F4550.asm
                   CCPR2L   0x000fbb       data     extern C:\Program Files\Microchip\mplabc18\v3.37\src\traditional\proc\p18F4550.asm
                   CCPR2H   0x000fbc       data     extern C:\Program Files\Microchip\mplabc18\v3.37\src\traditional\proc\p18F4550.asm
                 ECCP1CON   0x000fbd       data     extern C:\Program Files\Microchip\mplabc18\v3.37\src\traditional\proc\p18F4550.asm
             ECCP1CONbits   0x000fbd       data     extern C:\Program Files\Microchip\mplabc18\v3.37\src\traditional\proc\p18F4550.asm
                  CCP1CON   0x000fbd       data     extern C:\Program Files\Microchip\mplabc18\v3.37\src\traditional\proc\p18F4550.asm
              CCP1CONbits   0x000fbd       data     extern C:\Program Files\Microchip\mplabc18\v3.37\src\traditional\proc\p18F4550.asm
                    CCPR1   0x000fbe       data     extern C:\Program Files\Microchip\mplabc18\v3.37\src\traditional\proc\p18F4550.asm
                   CCPR1L   0x000fbe       data     extern C:\Program Files\Microchip\mplabc18\v3.37\src\traditional\proc\p18F4550.asm
                   CCPR1H   0x000fbf       data     extern C:\Program Files\Microchip\mplabc18\v3.37\src\traditional\proc\p18F4550.asm
               ADCON2bits   0x000fc0       data     extern C:\Program Files\Microchip\mplabc18\v3.37\src\traditional\proc\p18F4550.asm
                   ADCON2   0x000fc0       data     extern C:\Program Files\Microchip\mplabc18\v3.37\src\traditional\proc\p18F4550.asm
               ADCON1bits   0x000fc1       data     extern C:\Program Files\Microchip\mplabc18\v3.37\src\traditional\proc\p18F4550.asm
                   ADCON1   0x000fc1       data     extern C:\Program Files\Microchip\mplabc18\v3.37\src\traditional\proc\p18F4550.asm
                   ADCON0   0x000fc2       data     extern C:\Program Files\Microchip\mplabc18\v3.37\src\traditional\proc\p18F4550.asm
               ADCON0bits   0x000fc2       data     extern C:\Program Files\Microchip\mplabc18\v3.37\src\traditional\proc\p18F4550.asm
                    ADRES   0x000fc3       data     extern C:\Program Files\Microchip\mplabc18\v3.37\src\traditional\proc\p18F4550.asm
                   ADRESL   0x000fc3       data     extern C:\Program Files\Microchip\mplabc18\v3.37\src\traditional\proc\p18F4550.asm
                   ADRESH   0x000fc4       data     extern C:\Program Files\Microchip\mplabc18\v3.37\src\traditional\proc\p18F4550.asm
                  SSPCON2   0x000fc5       data     extern C:\Program Files\Microchip\mplabc18\v3.37\src\traditional\proc\p18F4550.asm
              SSPCON2bits   0x000fc5       data     extern C:\Program Files\Microchip\mplabc18\v3.37\src\traditional\proc\p18F4550.asm
                  SSPCON1   0x000fc6       data     extern C:\Program Files\Microchip\mplabc18\v3.37\src\traditional\proc\p18F4550.asm
              SSPCON1bits   0x000fc6       data     extern C:\Program Files\Microchip\mplabc18\v3.37\src\traditional\proc\p18F4550.asm
                  SSPSTAT   0x000fc7       data     extern C:\Program Files\Microchip\mplabc18\v3.37\src\traditional\proc\p18F4550.asm
              SSPSTATbits   0x000fc7       data     extern C:\Program Files\Microchip\mplabc18\v3.37\src\traditional\proc\p18F4550.asm
                   SSPADD   0x000fc8       data     extern C:\Program Files\Microchip\mplabc18\v3.37\src\traditional\proc\p18F4550.asm
                   SSPBUF   0x000fc9       data     extern C:\Program Files\Microchip\mplabc18\v3.37\src\traditional\proc\p18F4550.asm
                T2CONbits   0x000fca       data     extern C:\Program Files\Microchip\mplabc18\v3.37\src\traditional\proc\p18F4550.asm
                    T2CON   0x000fca       data     extern C:\Program Files\Microchip\mplabc18\v3.37\src\traditional\proc\p18F4550.asm
                      PR2   0x000fcb       data     extern C:\Program Files\Microchip\mplabc18\v3.37\src\traditional\proc\p18F4550.asm
                     TMR2   0x000fcc       data     extern C:\Program Files\Microchip\mplabc18\v3.37\src\traditional\proc\p18F4550.asm
                T1CONbits   0x000fcd       data     extern C:\Program Files\Microchip\mplabc18\v3.37\src\traditional\proc\p18F4550.asm
                    T1CON   0x000fcd       data     extern C:\Program Files\Microchip\mplabc18\v3.37\src\traditional\proc\p18F4550.asm
                    TMR1L   0x000fce       data     extern C:\Program Files\Microchip\mplabc18\v3.37\src\traditional\proc\p18F4550.asm
                    TMR1H   0x000fcf       data     extern C:\Program Files\Microchip\mplabc18\v3.37\src\traditional\proc\p18F4550.asm
                     RCON   0x000fd0       data     extern C:\Program Files\Microchip\mplabc18\v3.37\src\traditional\proc\p18F4550.asm
                 RCONbits   0x000fd0       data     extern C:\Program Files\Microchip\mplabc18\v3.37\src\traditional\proc\p18F4550.asm
                   WDTCON   0x000fd1       data     extern C:\Program Files\Microchip\mplabc18\v3.37\src\traditional\proc\p18F4550.asm
               WDTCONbits   0x000fd1       data     extern C:\Program Files\Microchip\mplabc18\v3.37\src\traditional\proc\p18F4550.asm
               LVDCONbits   0x000fd2       data     extern C:\Program Files\Microchip\mplabc18\v3.37\src\traditional\proc\p18F4550.asm
                   LVDCON   0x000fd2       data     extern C:\Program Files\Microchip\mplabc18\v3.37\src\traditional\proc\p18F4550.asm
              HLVDCONbits   0x000fd2       data     extern C:\Program Files\Microchip\mplabc18\v3.37\src\traditional\proc\p18F4550.asm
                  HLVDCON   0x000fd2       data     extern C:\Program Files\Microchip\mplabc18\v3.37\src\traditional\proc\p18F4550.asm
               OSCCONbits   0x000fd3       data     extern C:\Program Files\Microchip\mplabc18\v3.37\src\traditional\proc\p18F4550.asm
                   OSCCON   0x000fd3       data     extern C:\Program Files\Microchip\mplabc18\v3.37\src\traditional\proc\p18F4550.asm
                    T0CON   0x000fd5       data     extern C:\Program Files\Microchip\mplabc18\v3.37\src\traditional\proc\p18F4550.asm
                T0CONbits   0x000fd5       data     extern C:\Program Files\Microchip\mplabc18\v3.37\src\traditional\proc\p18F4550.asm
                    TMR0L   0x000fd6       data     extern C:\Program Files\Microchip\mplabc18\v3.37\src\traditional\proc\p18F4550.asm
                    TMR0H   0x000fd7       data     extern C:\Program Files\Microchip\mplabc18\v3.37\src\traditional\proc\p18F4550.asm
               STATUSbits   0x000fd8       data     extern C:\Program Files\Microchip\mplabc18\v3.37\src\traditional\proc\p18F4550.asm
                   STATUS   0x000fd8       data     extern C:\Program Files\Microchip\mplabc18\v3.37\src\traditional\proc\p18F4550.asm
                    FSR2L   0x000fd9       data     extern C:\Program Files\Microchip\mplabc18\v3.37\src\traditional\proc\p18F4550.asm
                     FSR2   0x000fd9       data     extern C:\Program Files\Microchip\mplabc18\v3.37\src\traditional\proc\p18F4550.asm
                    FSR2H   0x000fda       data     extern C:\Program Files\Microchip\mplabc18\v3.37\src\traditional\proc\p18F4550.asm
                   PLUSW2   0x000fdb       data     extern C:\Program Files\Microchip\mplabc18\v3.37\src\traditional\proc\p18F4550.asm
                  PREINC2   0x000fdc       data     extern C:\Program Files\Microchip\mplabc18\v3.37\src\traditional\proc\p18F4550.asm
                 POSTDEC2   0x000fdd       data     extern C:\Program Files\Microchip\mplabc18\v3.37\src\traditional\proc\p18F4550.asm
                 POSTINC2   0x000fde       data     extern C:\Program Files\Microchip\mplabc18\v3.37\src\traditional\proc\p18F4550.asm
                    INDF2   0x000fdf       data     extern C:\Program Files\Microchip\mplabc18\v3.37\src\traditional\proc\p18F4550.asm
                      BSR   0x000fe0       data     extern C:\Program Files\Microchip\mplabc18\v3.37\src\traditional\proc\p18F4550.asm
                     FSR1   0x000fe1       data     extern C:\Program Files\Microchip\mplabc18\v3.37\src\traditional\proc\p18F4550.asm
                    FSR1L   0x000fe1       data     extern C:\Program Files\Microchip\mplabc18\v3.37\src\traditional\proc\p18F4550.asm
                    FSR1H   0x000fe2       data     extern C:\Program Files\Microchip\mplabc18\v3.37\src\traditional\proc\p18F4550.asm
                   PLUSW1   0x000fe3       data     extern C:\Program Files\Microchip\mplabc18\v3.37\src\traditional\proc\p18F4550.asm
                  PREINC1   0x000fe4       data     extern C:\Program Files\Microchip\mplabc18\v3.37\src\traditional\proc\p18F4550.asm
                 POSTDEC1   0x000fe5       data     extern C:\Program Files\Microchip\mplabc18\v3.37\src\traditional\proc\p18F4550.asm
                 POSTINC1   0x000fe6       data     extern C:\Program Files\Microchip\mplabc18\v3.37\src\traditional\proc\p18F4550.asm
                    INDF1   0x000fe7       data     extern C:\Program Files\Microchip\mplabc18\v3.37\src\traditional\proc\p18F4550.asm
                     WREG   0x000fe8       data     extern C:\Program Files\Microchip\mplabc18\v3.37\src\traditional\proc\p18F4550.asm
                     FSR0   0x000fe9       data     extern C:\Program Files\Microchip\mplabc18\v3.37\src\traditional\proc\p18F4550.asm
                    FSR0L   0x000fe9       data     extern C:\Program Files\Microchip\mplabc18\v3.37\src\traditional\proc\p18F4550.asm
                    FSR0H   0x000fea       data     extern C:\Program Files\Microchip\mplabc18\v3.37\src\traditional\proc\p18F4550.asm
                   PLUSW0   0x000feb       data     extern C:\Program Files\Microchip\mplabc18\v3.37\src\traditional\proc\p18F4550.asm
                  PREINC0   0x000fec       data     extern C:\Program Files\Microchip\mplabc18\v3.37\src\traditional\proc\p18F4550.asm
                 POSTDEC0   0x000fed       data     extern C:\Program Files\Microchip\mplabc18\v3.37\src\traditional\proc\p18F4550.asm
                 POSTINC0   0x000fee       data     extern C:\Program Files\Microchip\mplabc18\v3.37\src\traditional\proc\p18F4550.asm
                    INDF0   0x000fef       data     extern C:\Program Files\Microchip\mplabc18\v3.37\src\traditional\proc\p18F4550.asm
              INTCON3bits   0x000ff0       data     extern C:\Program Files\Microchip\mplabc18\v3.37\src\traditional\proc\p18F4550.asm
                  INTCON3   0x000ff0       data     extern C:\Program Files\Microchip\mplabc18\v3.37\src\traditional\proc\p18F4550.asm
              INTCON2bits   0x000ff1       data     extern C:\Program Files\Microchip\mplabc18\v3.37\src\traditional\proc\p18F4550.asm
                  INTCON2   0x000ff1       data     extern C:\Program Files\Microchip\mplabc18\v3.37\src\traditional\proc\p18F4550.asm
               INTCONbits   0x000ff2       data     extern C:\Program Files\Microchip\mplabc18\v3.37\src\traditional\proc\p18F4550.asm
                   INTCON   0x000ff2       data     extern C:\Program Files\Microchip\mplabc18\v3.37\src\traditional\proc\p18F4550.asm
                     PROD   0x000ff3       data     extern C:\Program Files\Microchip\mplabc18\v3.37\src\traditional\proc\p18F4550.asm
                    PRODL   0x000ff3       data     extern C:\Program Files\Microchip\mplabc18\v3.37\src\traditional\proc\p18F4550.asm
                    PRODH   0x000ff4       data     extern C:\Program Files\Microchip\mplabc18\v3.37\src\traditional\proc\p18F4550.asm
                   TABLAT   0x000ff5       data     extern C:\Program Files\Microchip\mplabc18\v3.37\src\traditional\proc\p18F4550.asm
                   TBLPTR   0x000ff6       data     extern C:\Program Files\Microchip\mplabc18\v3.37\src\traditional\proc\p18F4550.asm
                  TBLPTRL   0x000ff6       data     extern C:\Program Files\Microchip\mplabc18\v3.37\src\traditional\proc\p18F4550.asm
                  TBLPTRH   0x000ff7       data     extern C:\Program Files\Microchip\mplabc18\v3.37\src\traditional\proc\p18F4550.asm
                  TBLPTRU   0x000ff8       data     extern C:\Program Files\Microchip\mplabc18\v3.37\src\traditional\proc\p18F4550.asm
                      PCL   0x000ff9       data     extern C:\Program Files\Microchip\mplabc18\v3.37\src\traditional\proc\p18F4550.asm
                       PC   0x000ff9       data     extern C:\Program Files\Microchip\mplabc18\v3.37\src\traditional\proc\p18F4550.asm
                   PCLATH   0x000ffa       data     extern C:\Program Files\Microchip\mplabc18\v3.37\src\traditional\proc\p18F4550.asm
                   PCLATU   0x000ffb       data     extern C:\Program Files\Microchip\mplabc18\v3.37\src\traditional\proc\p18F4550.asm
                   STKPTR   0x000ffc       data     extern C:\Program Files\Microchip\mplabc18\v3.37\src\traditional\proc\p18F4550.asm
               STKPTRbits   0x000ffc       data     extern C:\Program Files\Microchip\mplabc18\v3.37\src\traditional\proc\p18F4550.asm
                      TOS   0x000ffd       data     extern C:\Program Files\Microchip\mplabc18\v3.37\src\traditional\proc\p18F4550.asm
                     TOSL   0x000ffd       data     extern C:\Program Files\Microchip\mplabc18\v3.37\src\traditional\proc\p18F4550.asm
                     TOSH   0x000ffe       data     extern C:\Program Files\Microchip\mplabc18\v3.37\src\traditional\proc\p18F4550.asm
                     TOSU   0x000fff       data     extern C:\Program Files\Microchip\mplabc18\v3.37\src\traditional\proc\p18F4550.asm


